// Jest Snapshot v1, https://goo.gl/fbAQLP

exports[`Pruebas en MultipleCustomHooks debe mostrarse correctamente 1`] = `
<div>
  <h1>
    BreakingBad Quotes
  </h1>
  <hr />
  <div
    className="altert alert-info text-center"
  >
    Loading....
  </div>
  <button
    className="btn btn-primary"
    onClick={[Function]}
  >
    next quote
  </button>
</div>
`;
