// Jest Snapshot v1, https://goo.gl/fbAQLP

exports[`Pruebas es Grift Grid Item Deberia mostrar el componente corectamente 1`] = `
<div
  className="card animate__animated animate__fadeIn"
>
  <img
    alt="Un titulo"
    src="https://algunaUr.com"
  />
  <p>
    Un titulo
  </p>
</div>
`;
