// Jest Snapshot v1, https://goo.gl/fbAQLP

exports[`Prueba de componente <GiftGrid /> Debe de crearce el componente 1`] = `
<div>
  <h1>
    Hola Mundo
  </h1>
</div>
`;
