// Jest Snapshot v1, https://goo.gl/fbAQLP

exports[`Preubas en <LoginScreen /> debe de mostrarse correctamente 1`] = `
<div>
  <h1>
    Login
  </h1>
  <button
    className="btn btn-primary"
    onClick={[Function]}
  >
    Login
  </button>
</div>
`;
